\BOOKMARK [1][-]{section.1}{\376\377\000P\000R\000E\000S\000E\000N\000T\000A\000C\000I\000\323\000\040\000D\000E\000\040\000L\000'\000E\000S\000T\000U\000D\000I}{}% 1
\BOOKMARK [2][-]{subsection.1.1}{\376\377\000A\000N\000T\000E\000C\000E\000D\000E\000N\000T\000S}{section.1}% 2
\BOOKMARK [2][-]{subsection.1.2}{\376\377\000C\000L\000A\000S\000S\000I\000F\000I\000C\000A\000C\000I\000\323\000\040\000D\000E\000\040\000L\000'\000O\000B\000R\000A\000\040\000S\000E\000G\000O\000N\000S\000\040\000E\000L\000\040\000C\000T\000E}{section.1}% 3
\BOOKMARK [2][-]{subsection.1.3}{\376\377\000O\000B\000J\000E\000C\000T\000I\000U\000S}{section.1}% 4
\BOOKMARK [1][-]{section.2}{\376\377\000T\000R\000E\000B\000A\000L\000L\000S\000\040\000D\000E\000\040\000C\000A\000M\000P}{}% 5
\BOOKMARK [2][-]{subsection.2.1}{\376\377\000T\000I\000P\000U\000S\000\040\000D\000'\000O\000B\000R\000A\000\040\000I\000\040\000R\000E\000C\000O\000N\000E\000I\000X\000E\000M\000E\000N\000T\000\040\000D\000E\000\040\000C\000A\000M\000P}{section.2}% 6
\BOOKMARK [2][-]{subsection.2.2}{\376\377\000S\000I\000T\000U\000A\000C\000I\000\323\000\040\000D\000E\000L\000S\000\040\000P\000U\000N\000T\000S\000\040\000D\000E\000\040\000R\000E\000C\000O\000N\000E\000I\000X\000E\000M\000E\000N\000T}{section.2}% 7
\BOOKMARK [2][-]{subsection.2.3}{\376\377\000R\000E\000L\000A\000C\000I\000\323\000\040\000D\000E\000\040\000T\000R\000E\000B\000A\000L\000L\000S}{section.2}% 8
\BOOKMARK [2][-]{subsection.2.4}{\376\377\000M\000E\000T\000O\000D\000O\000L\000O\000G\000I\000A\000\040\000I\000\040\000D\000E\000S\000C\000R\000I\000P\000C\000I\000\323\000\040\000D\000E\000L\000S\000\040\000T\000R\000E\000B\000A\000L\000L\000S\000\040\000D\000E\000\040\000C\000A\000M\000P}{section.2}% 9
\BOOKMARK [3][-]{subsubsection.2.4.1}{\376\377\000P\000E\000N\000E\000T\000R\000\322\000M\000E\000T\000R\000E\000\040\000D\000I\000N\000\300\000M\000I\000C\000\040\000S\000U\000P\000E\000R\000P\000E\000S\000A\000N\000T\000\040\000D\000P\000S\000H}{subsection.2.4}% 10
\BOOKMARK [1][-]{section.3}{\376\377\000D\000E\000S\000C\000R\000I\000P\000C\000I\000\323\000\040\000G\000E\000O\000L\000\322\000G\000I\000C\000A\000\040\000I\000\040\000G\000E\000O\000T\000\310\000C\000N\000I\000C\000A}{}% 11
\BOOKMARK [2][-]{subsection.3.1}{\376\377\000G\000E\000O\000L\000O\000G\000I\000A\000\040\000R\000E\000G\000I\000O\000N\000A\000L}{section.3}% 12
\BOOKMARK [2][-]{subsection.3.2}{\376\377\000G\000E\000O\000L\000O\000G\000I\000A\000\040\000L\000O\000C\000A\000L}{section.3}% 13
\BOOKMARK [2][-]{subsection.3.3}{\376\377\000C\000A\000R\000A\000C\000T\000E\000R\000I\000T\000Z\000A\000C\000I\000\323\000\040\000G\000E\000O\000T\000\310\000C\000N\000I\000C\000A}{section.3}% 14
\BOOKMARK [2][-]{subsection.3.4}{\376\377\000N\000I\000V\000E\000L\000L\000\040\000F\000R\000E\000\300\000T\000I\000C}{section.3}% 15
\BOOKMARK [2][-]{subsection.3.5}{\376\377\000A\000G\000R\000E\000S\000S\000I\000V\000I\000T\000A\000T\000\040\000D\000E\000L\000\040\000T\000E\000R\000R\000E\000N\000Y}{section.3}% 16
\BOOKMARK [2][-]{subsection.3.6}{\376\377\000S\000I\000S\000M\000I\000C\000I\000T\000A\000T}{section.3}% 17
\BOOKMARK [2][-]{subsection.3.7}{\376\377\000R\000A\000D\000\323}{section.3}% 18
\BOOKMARK [1][-]{section.4}{\376\377\000C\000O\000N\000C\000L\000U\000S\000I\000O\000N\000S}{}% 19
\BOOKMARK [2][-]{subsection.4.1}{\376\377\000R\000E\000S\000U\000M\000\040\000I\000\040\000V\000A\000L\000O\000R\000A\000C\000I\000\323}{section.4}% 20
\BOOKMARK [2][-]{subsection.4.2}{\376\377\000C\000O\000N\000D\000I\000C\000I\000O\000N\000S\000\040\000D\000E\000\040\000L\000'\000E\000S\000T\000U\000D\000I}{section.4}% 21
\BOOKMARK [2][-]{subsection.4.3}{\376\377\000F\000O\000N\000A\000M\000E\000N\000T\000A\000C\000I\000\323}{section.4}% 22
\BOOKMARK [3][-]{subsubsection.4.3.1}{\376\377\000T\000i\000p\000u\000s\000\040\000d\000e\000\040\000f\000o\000n\000a\000m\000e\000n\000t\000a\000c\000i\000\363}{subsection.4.3}% 23
\BOOKMARK [3][-]{subsubsection.4.3.2}{\376\377\000C\000o\000t\000a\000\040\000d\000e\000\040\000f\000o\000n\000a\000m\000e\000n\000t\000a\000c\000i\000\363}{subsection.4.3}% 24
\BOOKMARK [3][-]{subsubsection.4.3.3}{\376\377\000T\000e\000n\000s\000i\000\363\000\040\000a\000d\000m\000i\000s\000s\000i\000b\000l\000e}{subsection.4.3}% 25
\BOOKMARK [3][-]{subsubsection.4.3.4}{\376\377\000A\000s\000s\000e\000n\000t\000a\000m\000e\000n\000t\000s}{subsection.4.3}% 26
\BOOKMARK [1][-]{subsubsection.4.3.4}{\376\377\000A\000N\000N\000E\000X\000E\000S}{}% 27
\BOOKMARK [2][-]{section*.7}{\376\377\000A\000N\000N\000E\000X\000\040\0001\000:\000\040\000B\000a\000s\000e\000\040\000d\000e\000\040\000c\000\340\000l\000c\000u\000l}{subsubsection.4.3.4}% 28
\BOOKMARK [2][-]{section*.7}{\376\377\000A\000N\000N\000E\000X\000\040\0002\000:\000\040\000R\000e\000g\000i\000s\000t\000r\000e\000\040\000d\000'\000a\000s\000s\000a\000i\000g\000s\000\040\000m\000e\000c\000\340\000n\000i\000c\000s}{subsubsection.4.3.4}% 29
\BOOKMARK [2][-]{section*.7}{\376\377\000A\000N\000N\000E\000X\000\040\0003\000:\000\040\000E\000s\000q\000u\000e\000m\000a\000\040\000s\000i\000t\000u\000a\000c\000i\000\363\000\040\000a\000s\000s\000a\000i\000g\000s}{subsubsection.4.3.4}% 30
\BOOKMARK [2][-]{section*.7}{\376\377\000A\000N\000N\000E\000X\000\040\0004\000:\000\040\000T\000a\000l\000l\000\040\000d\000e\000\040\000c\000o\000r\000r\000e\000l\000a\000c\000i\000\363}{subsubsection.4.3.4}% 31
\BOOKMARK [2][-]{section*.7}{\376\377\000A\000N\000N\000E\000X\000\040\0005\000:\000\040\000F\000o\000t\000o\000g\000r\000a\000f\000i\000e\000s}{subsubsection.4.3.4}% 32
\BOOKMARK [2][-]{section*.7}{\376\377\000A\000N\000N\000E\000X\000\040\0006\000:\000\040\000A\000c\000t\000e\000s\000\040\000d\000'\000a\000s\000s\000a\000i\000g\000\040\000d\000e\000\040\000l\000a\000b\000o\000r\000a\000t\000o\000r\000i}{subsubsection.4.3.4}% 33
